src/components/examples/CourseSidebar.tsx(54,9): error TS2322: Type '(sectionId: string, lessonId: string) => void' is not assignable to type '(lessonSlug: string) => void'.
  Target signature provides too few arguments. Expected 2 or more, but got 1.
src/components/registration/RegistrationStep.tsx(86,18): error TS2339: Property 'from' does not exist on type 'never'.
src/components/registration/RegistrationStep.tsx(254,52): error TS2339: Property 'otherBranch' does not exist on type '{ branch: string; }'.
src/components/registration/RegistrationStep.tsx(268,52): error TS2551: Property 'otherYearOfPassing' does not exist on type '{ yearOfPassing: string; }'. Did you mean 'yearOfPassing'?
src/components/SimulationExercise.tsx(67,29): error TS2677: A type predicate's type must be assignable to its parameter's type.
  Type 'NormalizedStep' is not assignable to type '{ title: string; description: string; challenge?: undefined; task?: undefined; } | { title: string; description: string | undefined; challenge: string | undefined; task: string | undefined; } | null'.
    Type 'NormalizedStep' is not assignable to type '{ title: string; description: string; challenge?: undefined; task?: undefined; } | { title: string; description: string | undefined; challenge: string | undefined; task: string | undefined; }'.
      Type 'NormalizedStep' is not assignable to type '{ title: string; description: string | undefined; challenge: string | undefined; task: string | undefined; }'.
        Property 'description' is optional in type 'NormalizedStep' but required in type '{ title: string; description: string | undefined; challenge: string | undefined; task: string | undefined; }'.
src/components/SimulationExercise.tsx(77,5): error TS2322: Type '({ title: string; description: string; challenge?: undefined; task?: undefined; } | { title: string; description: string | undefined; challenge: string | undefined; task: string | undefined; } | null)[]' is not assignable to type 'NormalizedStep[]'.
  Type '{ title: string; description: string; challenge?: undefined; task?: undefined; } | { title: string; description: string | undefined; challenge: string | undefined; task: string | undefined; } | null' is not assignable to type 'NormalizedStep'.
    Type 'null' is not assignable to type 'NormalizedStep'.
src/components/VideoPlayer.tsx(41,28): error TS2749: 'ReactPlayer' refers to a value, but is being used as a type here. Did you mean 'typeof ReactPlayer'?
src/components/VideoPlayer.tsx(198,11): error TS2322: Type '(state: { played: number; playedSeconds: number; loaded: number; loadedSeconds: number; }) => void' is not assignable to type 'ReactEventHandler<HTMLVideoElement>'.
  Types of parameters 'state' and 'event' are incompatible.
    Type 'SyntheticEvent<HTMLVideoElement, Event>' is missing the following properties from type '{ played: number; playedSeconds: number; loaded: number; loadedSeconds: number; }': played, playedSeconds, loaded, loadedSeconds
src/components/VideoPlayer.tsx(199,11): error TS2322: Type '(player: any) => void' is not assignable to type '() => void'.
  Target signature provides too few arguments. Expected 1 or more, but got 0.
src/components/VideoPlayer.tsx(199,21): error TS7006: Parameter 'player' implicitly has an 'any' type.
src/components/VideoPlayer.tsx(209,15): error TS2353: Object literal may only specify known properties, and 'playerVars' does not exist in type '{ cc_lang_pref?: string | undefined; cc_load_policy?: 1 | undefined; color?: "red" | "white" | undefined; disablekb?: 0 | 1 | undefined; enablejsapi?: 0 | 1 | undefined; end?: number | undefined; ... 8 more ...; referrerpolicy?: string | undefined; }'.
src/pages/AuthCallbackPage.tsx(88,24): error TS2345: Argument of type '{ accessToken: string; accessTokenExpiresAt: string | null; refreshToken: string; refreshTokenExpiresAt: string | null; sessionId: string; userId: string | undefined; email: string | undefined; fullName: string | undefined; }' is not assignable to parameter of type 'StoredSession'.
  Types of property 'accessTokenExpiresAt' are incompatible.
    Type 'string | null' is not assignable to type 'string'.
      Type 'null' is not assignable to type 'string'.
src/pages/CoursesPage.tsx(146,23): error TS2802: Type 'Set<string>' can only be iterated through when using the '--downlevelIteration' flag or with a '--target' of 'es2015' or higher.
src/pages/DashboardPage.tsx(646,26): error TS2353: Object literal may only specify known properties, and ''data-testid'' does not exist in type 'HTMLAttributes<HTMLElement>'.
src/pages/OnDemandPlayerPage.tsx(458,21): error TS2345: Argument of type '(prev: { x: number; y: number; width: number; height: number; initialized: boolean; }) => { x: number; y: number; width: number; height: number; }' is not assignable to parameter of type 'SetStateAction<{ x: number; y: number; width: number; height: number; initialized: boolean; }>'.
  Type '(prev: { x: number; y: number; width: number; height: number; initialized: boolean; }) => { x: number; y: number; width: number; height: number; }' is not assignable to type '(prevState: { x: number; y: number; width: number; height: number; initialized: boolean; }) => { x: number; y: number; width: number; height: number; initialized: boolean; }'.
    Property 'initialized' is missing in type '{ x: number; y: number; width: number; height: number; }' but required in type '{ x: number; y: number; width: number; height: number; initialized: boolean; }'.
src/pages/OnDemandPlayerPage.tsx(460,22): error TS2345: Argument of type '(prev: { x: number; y: number; width: number; height: number; initialized: boolean; }) => { x: number; y: number; width: number; height: number; }' is not assignable to parameter of type 'SetStateAction<{ x: number; y: number; width: number; height: number; initialized: boolean; }>'.
  Type '(prev: { x: number; y: number; width: number; height: number; initialized: boolean; }) => { x: number; y: number; width: number; height: number; }' is not assignable to type '(prevState: { x: number; y: number; width: number; height: number; initialized: boolean; }) => { x: number; y: number; width: number; height: number; initialized: boolean; }'.
    Property 'initialized' is missing in type '{ x: number; y: number; width: number; height: number; }' but required in type '{ x: number; y: number; width: number; height: number; initialized: boolean; }'.
src/pages/OnDemandPlayerPage.tsx(1468,23): error TS2322: Type 'string | null' is not assignable to type 'string | undefined'.
  Type 'null' is not assignable to type 'string | undefined'.
src/pages/Strudent_Dashboard.tsx(427,94): error TS2352: Conversion of type 'OnDemandCourse' to type '{ rating: number; }' may be a mistake because neither type sufficiently overlaps with the other. If this was intentional, convert the expression to 'unknown' first.
  Property 'rating' is missing in type 'OnDemandCourse' but required in type '{ rating: number; }'.
src/pages/TutorDashboardPage.tsx(672,66): error TS7053: Element implicitly has an 'any' type because expression of type 'string' can't be used to index type 'ActivitySummary'.
  No index signature with a parameter of type 'string' was found on type 'ActivitySummary'.
src/utils/telemetry.ts(46,3): error TS2322: Type 'number' is not assignable to type 'Timeout'.
